I'm sorry, but errors were detected in your script. Please correct the
errors listed below, and try again.


File "game/scripts/initialize.rpy", line 16: invalid syntax
    Character("Getúlio", color="#E7B58A", , callback=getulio_voice)
                                           ^

Ren'Py Version: Ren'Py 8.2.1.24030407
Mon Jan  6 18:26:47 2025
